// Jest Snapshot v1, https://goo.gl/fbAQLP

exports[`Tests  of landingPage render landingpage 1`] = `"<div class=\\"lp-content\\"><div class=\\"landing-page-container\\"><header class=\\"logo-header\\"><img class=\\"logo-book\\" src=\\"./assets/logo sin fondo 1.png\\" alt=\\"logo book reads\\"><img class=\\"titleBookReads\\" src=\\"./assets/nombre_sin_fondo-removebg-preview 1.png\\" alt=\\"titleBookReads\\"><h1 class=\\"sloganSN\\">Read with me</h1></header><div class=\\"sign-up-in-container\\"><input type=\\"button\\" class=\\"btn-signUp\\" id=\\"btn-signUp-LP\\" value=\\"Sign Up\\"><input type=\\"button\\" class=\\"btn-signIn\\" id=\\"btn-signIn-LP\\" value=\\"Sign In\\"></div></div><div class=\\"landing-page-img\\"></div></div>"`;
